// Jest Snapshot v1, https://goo.gl/fbAQLP

exports[`Login should render correctly 1`] = `
<div
  class="AppLog"
>
  <div
    class="Login"
  >
    <img
      alt="Logo"
      class="NavBar-Logo-Login"
      src="logo.png"
    />
    <div
      class="Pagina-Login"
    >
      <h1
        class="Bienvenido"
      >
         Bienvenido a Cheaper 
      </h1>
      <p
        class="Frase"
      >
        Encuentra las opciones m치s econ칩micas 
      </p>
      <div
        class="Botones-Login"
      >
        <form>
          <input
            class="Input-Correo"
            name="email"
            placeholder=" Correo"
            type="text"
            value=""
          />
          <input
            class="Input-Password"
            name="password"
            placeholder=" Constrase침a"
            type="password"
            value=""
          />
          <button
            class="SubmitButton"
            type="submit"
          >
            Iniciar Sesi칩n
          </button>
        </form>
      </div>
    </div>
  </div>
</div>
`;
